EN dff NULL C:/Users/Administrator/Desktop/laba2/dff.vhd sub00/vhpl00 1444224314
AR main behavioral C:/Users/Administrator/Desktop/laba2/main.vhd sub00/vhpl03 1444224317
EN main NULL C:/Users/Administrator/Desktop/laba2/main.vhd sub00/vhpl02 1444224316
AR dff behavioral C:/Users/Administrator/Desktop/laba2/dff.vhd sub00/vhpl01 1444224315
